<?xml version="1.0" encoding="utf-8"?>
<androidx.constraintlayout.widget.ConstraintLayout xmlns:android="http://schemas.android.com/apk/res/android"
    xmlns:app="http://schemas.android.com/apk/res-auto"
    xmlns:tools="http://schemas.android.com/tools"
    android:layout_width="match_parent"
    android:layout_height="wrap_content"
    >

    <LinearLayout
        android:layout_width="match_parent"
        android:layout_height="wrap_content"
        android:layout_marginLeft="10dp"
        android:layout_marginRight="10dp"
        android:orientation="horizontal"
        app:layout_constraintBottom_toBottomOf="parent"
        app:layout_constraintEnd_toEndOf="parent"
        app:layout_constraintStart_toStartOf="parent"
        app:layout_constraintTop_toTopOf="parent">

        <ImageView
            android:id="@+id/expected_image"
            android:layout_width="62dp"
            android:layout_height="match_parent"
            app:srcCompat="@drawable/ic_google_plus" />

        <TextView
            android:id="@+id/expected_text"
            android:layout_width="335dp"
            android:layout_height="56dp"
            android:layout_marginLeft="5dp"
            android:gravity="center|start"
            android:text="TextView"
            android:textAlignment="gravity" />
    </LinearLayout>

</androidx.constraintlayout.widget.ConstraintLayout>